
   PASS  Tests\Feature\Inventory\InventoryCategoriesApiTest
  Γ£ô categories index returns data                                        4.25s  

   FAIL  Tests\Feature\Inventory\InventoryGuestOutgoingApiTest
  Γ¿» guest outgoing and remaining stocks                                  0.41s  

   PASS  Tests\Feature\Inventory\InventoryItemsApiTest
  Γ£ô item crud flow                                                       0.48s  

   PASS  Tests\Feature\Inventory\InventoryPersonnelsApiTest
  Γ£ô personnel crud flow                                                  0.45s  

   PASS  Tests\Feature\Inventory\InventorySuppEquipReportsApiTest
  Γ£ô supp equip report crud flow                                          0.64s  

   PASS  Tests\Feature\Inventory\InventorySuppliersApiTest
  Γ£ô supplier crud flow                                                   0.43s  

   FAIL  Tests\Feature\Inventory\InventoryTransactionsApiTest
  Γ¿» transactions crud flow                                               0.47s  

   PASS  Tests\Feature\EventAttendance\CertificateGenerationFullFlowTest
  Γ£ô certificate generation with saved template and response data         1.27s  
  Γ£ô certificate generation validates required columns with event data    0.33s  
  Γ£ô certificate generation validates boolean flags from json             0.32s  
  Γ£ô certificate generation requires data file when not using event data  0.33s  
  Γ£ô certificate columns endpoint returns available columns               0.39s  

   PASS  Tests\Feature\EventAttendance\ConditionalLimitFeatureTest
  Γ£ô submission allowed when no limits configured                         0.44s  
  Γ£ô submission blocked when limit reached for field                      0.34s  
  Γ£ô submission allowed for different value under limit                   0.39s  
  Γ£ô submission allowed when limit field missing                          0.37s  
  Γ£ô submission blocked when any limit exceeded                           0.34s  
  Γ£ô submission allowed when limits present but under max                 0.39s  

   PASS  Tests\Feature\EventAttendance\ConditionalLimitTest
  Γ£ô conditional limit blocks over limit by field                         0.38s  

   PASS  Tests\Feature\EventAttendance\EventCertificateApiTest
  Γ£ô upload certificate template                                          0.31s  
  Γ£ô generate certificates queues batch processing                        0.34s  
  Γ£ô generate certificates returns validation error when files missing    0.30s  
  Γ£ô generate certificates queues batch processing using event responseΓÇª  0.43s  
  Γ£ô generate certificates returns error when event data columns are invΓÇª 0.42s  

   PASS  Tests\Feature\EventAttendance\EventFormRequirementsApiTest
  Γ£ô event responses per form                                             0.33s  
  Γ£ô create event form and attach requirements                            0.64s  

   PASS  Tests\Feature\EventAttendance\EventGuestRegistrationApiTest
  Γ£ô guest registration creates participant and registration              0.35s  
  Γ£ô subform response index filters by event id                           0.50s  
  Γ£ô subform response can be deleted                                      0.46s  
  Γ£ô subform registration sets registration event id                      0.53s  
  Γ£ô admin view an event subform responses                                1.93s  
  Γ£ô guest registration respects max slots limit                          0.56s  
  Γ£ô subform response respects max slots limit                            0.74s  

   PASS  Tests\Feature\EventAttendance\EventWorkflowApiTest
  Γ£ô workflow state returns ordered steps                                 0.47s  
  Γ£ô cannot submit out of order step                                      0.47s  
  Γ£ô preregistration then registration is idempotent                      0.83s  

   PASS  Tests\Feature\EventAttendance\FormStyleCustomizationTest
  Γ£ô guest forms include persisted style tokens                           0.31s  

   PASS  Tests\Feature\EventAttendance\QuizbeePreregistrationTest
  Γ£ô preregistration quizbee submission stores file and response          0.43s  

   FAIL  Tests\Feature\LabEquipment\LabEquipmentRequestApprovalApiTest
  Γ¿» authenticated user can update request approval                       0.31s  

   FAIL  Tests\Feature\LabEquipment\LabEquipmentRequestGuestApiTest
  Γ¿» guest can create request form pivot                                  0.30s  

   FAIL  Tests\Feature\LabEquipment\LabEquipmentRequestIndexApiTest
  Γ¿» authenticated user can list request forms                            0.30s  

   PASS  Tests\Feature\SuppEquipReports\SuppEquipReportsApiTest
  Γ£ô supp equip report endpoints                                          0.74s  
  ΓöÇΓöÇΓöÇΓöÇΓöÇΓöÇΓöÇΓöÇΓöÇΓöÇΓöÇΓöÇΓöÇΓöÇΓöÇΓöÇΓöÇΓöÇΓöÇΓöÇΓöÇΓöÇΓöÇΓöÇΓöÇΓöÇΓöÇΓöÇΓöÇΓöÇΓöÇΓöÇΓöÇΓöÇΓöÇΓöÇΓöÇΓöÇΓöÇΓöÇΓöÇΓöÇΓöÇΓöÇΓöÇΓöÇΓöÇΓöÇΓöÇΓöÇΓöÇΓöÇΓöÇΓöÇΓöÇΓöÇΓöÇΓöÇΓöÇΓöÇΓöÇΓöÇΓöÇΓöÇΓöÇΓöÇΓöÇΓöÇΓöÇΓöÇΓöÇΓöÇΓöÇΓöÇΓöÇΓöÇ  
   FAILED  Tests\Feature\Inventory\InventoryGuestOutgoingApiTest > guest outΓÇª   
  Failed asserting that an array has the key 'data'.

  at tests\Feature\Inventory\InventoryGuestOutgoingApiTest.php:57
     53Γûò             ->assertJsonStructure(['data']);
     54Γûò 
     55Γûò         $this->getJson(route('api.inventory.laboratories.public'))
     56Γûò             ->assertOk()
  Γ₧£  57Γûò             ->assertJsonStructure(['data']);
     58Γûò 
     59Γûò         $remainingResponse = $this->getJson(route('api.inventory.transactions.remaining-stocks'));
     60Γûò 
     61Γûò         $remainingResponse->assertOk()

  ΓöÇΓöÇΓöÇΓöÇΓöÇΓöÇΓöÇΓöÇΓöÇΓöÇΓöÇΓöÇΓöÇΓöÇΓöÇΓöÇΓöÇΓöÇΓöÇΓöÇΓöÇΓöÇΓöÇΓöÇΓöÇΓöÇΓöÇΓöÇΓöÇΓöÇΓöÇΓöÇΓöÇΓöÇΓöÇΓöÇΓöÇΓöÇΓöÇΓöÇΓöÇΓöÇΓöÇΓöÇΓöÇΓöÇΓöÇΓöÇΓöÇΓöÇΓöÇΓöÇΓöÇΓöÇΓöÇΓöÇΓöÇΓöÇΓöÇΓöÇΓöÇΓöÇΓöÇΓöÇΓöÇΓöÇΓöÇΓöÇΓöÇΓöÇΓöÇΓöÇΓöÇΓöÇΓöÇΓöÇ  
   FAILED  Tests\Feature\Inventory\InventoryTransactionsApiTest > transactioΓÇª   
  Expected response status code [201] but received 422.
Failed asserting that 422 is identical to 201.

The following errors occurred during the last request:

{
    "message": "The selected barcode is invalid. (and 1 more error)",
    "errors": {
        "barcode": [
            "The selected barcode is invalid."
        ],
        "quantity": [
            "No remaining stock available for this item."
        ]
    }
}

  at tests\Feature\Inventory\InventoryTransactionsApiTest.php:81
     77Γûò             'personnel_id' => $personnel->id,
     78Γûò         ];
     79Γûò 
     80Γûò         $outgoingResponse = $this->postJson(route('api.inventory.transactions.store'), $outgoingPayload);
  Γ₧£  81Γûò         $outgoingResponse->assertStatus(201);
     82Γûò         $outgoingId = $outgoingResponse->json('id');
     83Γûò 
     84Γûò         $this->assertNotEmpty($outgoingId);
     85Γûò         $this->assertDatabaseHas('transactions', [

  ΓöÇΓöÇΓöÇΓöÇΓöÇΓöÇΓöÇΓöÇΓöÇΓöÇΓöÇΓöÇΓöÇΓöÇΓöÇΓöÇΓöÇΓöÇΓöÇΓöÇΓöÇΓöÇΓöÇΓöÇΓöÇΓöÇΓöÇΓöÇΓöÇΓöÇΓöÇΓöÇΓöÇΓöÇΓöÇΓöÇΓöÇΓöÇΓöÇΓöÇΓöÇΓöÇΓöÇΓöÇΓöÇΓöÇΓöÇΓöÇΓöÇΓöÇΓöÇΓöÇΓöÇΓöÇΓöÇΓöÇΓöÇΓöÇΓöÇΓöÇΓöÇΓöÇΓöÇΓöÇΓöÇΓöÇΓöÇΓöÇΓöÇΓöÇΓöÇΓöÇΓöÇΓöÇΓöÇΓöÇ  
   FAILED  Tests\Feature\LabEquipment\LabEquipmentRequestApΓÇª  LengthException   
  Cannot get 2 elements, only 0 in array

  at vendor\fakerphp\faker\src\Faker\Provider\Base.php:217
    213Γûò 
    214Γûò         $numberOfElements = count($elements);
    215Γûò 
    216Γûò         if (!$allowDuplicates && null !== $count && $numberOfElements < $count) {
  Γ₧£ 217Γûò             throw new \LengthException(sprintf(
    218Γûò                 'Cannot get %d elements, only %d in array',
    219Γûò                 $count,
    220Γûò                 $numberOfElements,
    221Γûò             ));

  1   vendor\fakerphp\faker\src\Faker\Provider\Base.php:217
  2   vendor\fakerphp\faker\src\Faker\Generator.php:708

  ΓöÇΓöÇΓöÇΓöÇΓöÇΓöÇΓöÇΓöÇΓöÇΓöÇΓöÇΓöÇΓöÇΓöÇΓöÇΓöÇΓöÇΓöÇΓöÇΓöÇΓöÇΓöÇΓöÇΓöÇΓöÇΓöÇΓöÇΓöÇΓöÇΓöÇΓöÇΓöÇΓöÇΓöÇΓöÇΓöÇΓöÇΓöÇΓöÇΓöÇΓöÇΓöÇΓöÇΓöÇΓöÇΓöÇΓöÇΓöÇΓöÇΓöÇΓöÇΓöÇΓöÇΓöÇΓöÇΓöÇΓöÇΓöÇΓöÇΓöÇΓöÇΓöÇΓöÇΓöÇΓöÇΓöÇΓöÇΓöÇΓöÇΓöÇΓöÇΓöÇΓöÇΓöÇΓöÇΓöÇ  
   FAILED  Tests\Feature\LabEquipment\LabEquipmentRequestGuestApiTest > guesΓÇª   
  Expected response status code [201] but received 422.
Failed asserting that 422 is identical to 201.

The following errors occurred during the last request:

{
    "message": "The selected request_type.0 is invalid. (and 1 more error)",
    "errors": {
        "request_type.0": [
            "The selected request_type.0 is invalid."
        ],
        "request_type.1": [
            "The selected request_type.1 is invalid."
        ]
    }
}

  at tests\Feature\LabEquipment\LabEquipmentRequestGuestApiTest.php:39
     35Γûò         ];
     36Γûò 
     37Γûò         $response = $this->postJson(route('api.requestFormPivot.post'), $payload);
     38Γûò 
  Γ₧£  39Γûò         $response->assertStatus(201);
     40Γûò 
     41Γûò         $this->assertDatabaseHas('requesters', [
     42Γûò             'email' => 'guest.requester@example.com',
     43Γûò             'name' => 'Guest Requester',

  ΓöÇΓöÇΓöÇΓöÇΓöÇΓöÇΓöÇΓöÇΓöÇΓöÇΓöÇΓöÇΓöÇΓöÇΓöÇΓöÇΓöÇΓöÇΓöÇΓöÇΓöÇΓöÇΓöÇΓöÇΓöÇΓöÇΓöÇΓöÇΓöÇΓöÇΓöÇΓöÇΓöÇΓöÇΓöÇΓöÇΓöÇΓöÇΓöÇΓöÇΓöÇΓöÇΓöÇΓöÇΓöÇΓöÇΓöÇΓöÇΓöÇΓöÇΓöÇΓöÇΓöÇΓöÇΓöÇΓöÇΓöÇΓöÇΓöÇΓöÇΓöÇΓöÇΓöÇΓöÇΓöÇΓöÇΓöÇΓöÇΓöÇΓöÇΓöÇΓöÇΓöÇΓöÇΓöÇΓöÇ  
   FAILED  Tests\Feature\LabEquipment\LabEquipmentRequestInΓÇª  LengthException   
  Cannot get 1 elements, only 0 in array

  at vendor\fakerphp\faker\src\Faker\Provider\Base.php:217
    213Γûò 
    214Γûò         $numberOfElements = count($elements);
    215Γûò 
    216Γûò         if (!$allowDuplicates && null !== $count && $numberOfElements < $count) {
  Γ₧£ 217Γûò             throw new \LengthException(sprintf(
    218Γûò                 'Cannot get %d elements, only %d in array',
    219Γûò                 $count,
    220Γûò                 $numberOfElements,
    221Γûò             ));

  1   vendor\fakerphp\faker\src\Faker\Provider\Base.php:217
  2   vendor\fakerphp\faker\src\Faker\Generator.php:708


  Tests:    5 failed, 37 passed (192 assertions)
  Duration: 25.49s

